// Jest Snapshot v1, https://goo.gl/fbAQLP

exports[`FullDayWeather.vue match snapshot 1`] = `
<v-card max-width="600px" outlined="" class="mx-auto">
  <v-list-item>
    <v-list-item-content>
      <div class="headline mb-3"><b>Paris</b></div>
      <v-list-item-title class="overline mb-1">
        Cloudy
      </v-list-item-title>
      <v-list-item>
        <v-list-item-icon>
          <v-icon>fas fa-thermometer-quarter</v-icon>
        </v-list-item-icon>
        <v-list-item-title>
          22 Â°C
        </v-list-item-title>
      </v-list-item>
      <v-list-item>
        <v-list-item-icon>
          <v-icon>fas fa-tint</v-icon>
        </v-list-item-icon>
        <v-list-item-title>
          55 %
        </v-list-item-title>
      </v-list-item>
      <v-list-item>
        <v-list-item-icon>
          <v-icon>fas fa-wind</v-icon>
        </v-list-item-icon>
        <v-list-item-title>
          54 m/s
        </v-list-item-title>
      </v-list-item>
    </v-list-item-content>
    <v-list-item-avatar tile="" size="200"><img src="https://openweathermap.org/img/wn/01d@4x.png"></v-list-item-avatar>
  </v-list-item>
  <v-card-actions>
    <v-btn width="100%" color="red darken-3" outlined="" text="" to="[object Object]">
      See Week Forecast
    </v-btn>
  </v-card-actions>
</v-card>
`;
