// Jest Snapshot v1, https://goo.gl/fbAQLP

exports[`ShortDayWeather.vue match snapshot 1`] = `
<v-card max-width="400px" outlined="" class="mx-auto">
  <v-list-item>
    <v-list-item-content>
      <v-list-item-title class="headline mb-1"><b>Monday</b></v-list-item-title>
      <v-list-item>
        <v-list-item-icon>
          <v-icon>fas fa-thermometer-quarter</v-icon>
        </v-list-item-icon>
        <v-list-item-title>
          22 Â°C
        </v-list-item-title>
      </v-list-item>
      <v-list-item>
        <v-list-item-icon>
          <v-icon>fas fa-tint</v-icon>
        </v-list-item-icon>
        <v-list-item-title>
          45 %
        </v-list-item-title>
      </v-list-item>
    </v-list-item-content>
    <v-list-item-avatar tile="" size="100"><img src="https://openweathermap.org/img/wn/01d@4x.png"></v-list-item-avatar>
  </v-list-item>
</v-card>
`;
